// Jest Snapshot v1, https://goo.gl/fbAQLP

exports[`<AddToCart /> Renders and matches the snapshot 1`] = `
<button
  disabled={false}
  onClick={[Function]}
>
  <strong>
     Add
     To Cart ðŸ›’ 
  </strong>
</button>
`;
