// Jest Snapshot v1, https://goo.gl/fbAQLP

exports[`<Nav /> Renders a minimal nav when signed out 1`] = `
<ul
  className="NavStyles-sc-1hj2obo-0 eeSFAw"
  data-test="nav"
>
  <Link
    href="/items"
  >
    <a
      href="/items"
      onClick={[Function]}
    >
      Shop
    </a>
  </Link>
  <Link
    href="/signup"
  >
    <a
      href="/signup"
      onClick={[Function]}
    >
      Sign In
    </a>
  </Link>
</ul>
`;

exports[`<Nav /> Renders the amount of items in the cart 1`] = `
<div
  className="count CartCount__Dot-sll66f-1 bPGiQK"
>
  6
</div>
`;
